// Jest Snapshot v1, https://goo.gl/fbAQLP

exports[`Testing app component should render correctyl 1`] = `
"<Provider store={{...}}>
  <div className=\\"App\\">
    <Connect(Todos) />
  </div>
</Provider>"
`;
